// Jest Snapshot v1, https://goo.gl/fbAQLP

exports[`Rating Component should render Rating component 1`] = `ShallowWrapper {}`;
