// Jest Snapshot v1, https://goo.gl/fbAQLP

exports[`Product component should render Product component 1`] = `ShallowWrapper {}`;
